============================= test session starts =============================
platform win32 -- Python 3.13.15, pytest-8.3.4, pluggy-1.6.0 -- C:\Users\jesus\Documents\Proyectos\knowledge-template\.venv\Scripts\python.exe
cachedir: .pytest_cache
rootdir: C:\Users\jesus\Documents\Proyectos\knowledge-template
configfile: pyproject.toml
testpaths: tests
collecting ... collected 151 items

tests/test_cli_deps.py::test_dep_list_add_remove_round_trips PASSED      [  0%]
tests/test_cli_deps.py::test_dep_add_warns_when_the_glob_matches_nothing PASSED [  1%]
tests/test_cli_deps.py::test_dep_add_does_not_warn_when_the_glob_matches_something PASSED [  1%]
tests/test_cli_deps.py::test_dep_add_without_a_glob_returns_a_usage_message PASSED [  2%]
tests/test_cli_deps.py::test_dep_remove_without_a_glob_returns_a_usage_message PASSED [  3%]
tests/test_cli_deps.py::test_stale_reports_verified_specs_with_no_dependencies PASSED [  3%]
tests/test_cli_deps.py::test_stale_without_demote_leaves_the_database_unchanged PASSED [  4%]
tests/test_cli_deps.py::test_stale_reports_a_missing_base_commit_without_a_traceback PASSED [  5%]
tests/test_cli_publish.py::test_publish_reports_a_clone_failure_cleanly_instead_of_a_traceback PASSED [  5%]
tests/test_cli_publish.py::test_dry_run_removes_a_stale_page_before_writing PASSED [  6%]
tests/test_cli_publish.py::test_dry_run_default_output_resolves_against_the_repo_root PASSED [  7%]
tests/test_cli_publish.py::test_publish_follows_a_renamed_folder_by_the_path_column PASSED [  7%]
tests/test_cli_publish.py::test_publish_skips_a_spec_whose_folder_is_gone_instead_of_crashing PASSED [  8%]
tests/test_cli_read.py::test_list_shows_every_spec PASSED                [  9%]
tests/test_cli_read.py::test_list_filters_by_status PASSED               [  9%]
tests/test_cli_read.py::test_list_filters_to_specs_with_open_questions PASSED [ 10%]
tests/test_cli_read.py::test_list_filters_to_unmodeled_specs PASSED      [ 11%]
tests/test_cli_read.py::test_list_unmodeled_catches_content_drift_after_modeling PASSED [ 11%]
tests/test_cli_read.py::test_list_unmodeled_catches_an_outdated_ontology_version PASSED [ 12%]
tests/test_cli_read.py::test_list_unmodeled_catches_a_row_with_no_recorded_audit_hash PASSED [ 13%]
tests/test_cli_read.py::test_show_prints_the_row_and_its_questions PASSED [ 13%]
tests/test_cli_read.py::test_show_reports_an_unknown_id PASSED           [ 14%]
tests/test_cli_read.py::test_questions_lists_open_ones PASSED            [ 15%]
tests/test_cli_read.py::test_validate_passes_on_a_clean_graph PASSED     [ 15%]
tests/test_cli_read.py::test_graph_writes_a_turtle_file PASSED           [ 16%]
tests/test_cli_read.py::test_graph_defaults_to_verified_specs_only PASSED [ 17%]
tests/test_cli_read.py::test_contradictions_reports_none_on_a_clean_graph PASSED [ 17%]
tests/test_cli_read.py::test_contradictions_reports_a_functional_conflict PASSED [ 18%]
tests/test_cli_write.py::test_new_scaffolds_a_folder_and_appears_in_list PASSED [ 19%]
tests/test_cli_write.py::test_ask_question_opens_and_shows_in_open_questions PASSED [ 19%]
tests/test_cli_write.py::test_answer_closes_the_question PASSED          [ 20%]
tests/test_cli_write.py::test_model_sets_modeled_at PASSED               [ 21%]
tests/test_cli_write.py::test_verify_refuses_while_a_question_is_open_and_names_it PASSED [ 21%]
tests/test_cli_write.py::test_verify_succeeds_after_prune PASSED         [ 22%]
tests/test_cli_write.py::test_verify_prune_refuses_a_question_belonging_to_another_spec PASSED [ 23%]
tests/test_cli_write.py::test_verify_prune_with_nonnumeric_id_refuses_cleanly PASSED [ 23%]
tests/test_cli_write.py::test_model_with_an_unknown_id_refuses_cleanly PASSED [ 24%]
tests/test_cli_write.py::test_deleting_a_specs_folder_then_forget_recovers_the_repository PASSED [ 25%]
tests/test_cli_write.py::test_forget_refuses_cleanly_when_the_folder_still_exists PASSED [ 25%]
tests/test_cli_write.py::test_dep_add_with_an_unknown_spec_refuses_cleanly PASSED [ 26%]
tests/test_cli_write.py::test_ask_question_with_an_unknown_spec_refuses_cleanly PASSED [ 27%]
tests/test_cli_write.py::test_verify_with_no_code_repository_refuses_cleanly PASSED [ 27%]
tests/test_contradictions.py::test_functional_conflicts_finds_two_routes_on_one_view PASSED [ 28%]
tests/test_contradictions.py::test_functional_conflicts_is_empty_for_a_single_route PASSED [ 29%]
tests/test_db.py::test_connect_creates_every_table PASSED                [ 29%]
tests/test_db.py::test_status_is_constrained_to_two_values PASSED        [ 30%]
tests/test_db.py::test_dump_is_deterministic_and_round_trips PASSED      [ 31%]
tests/test_db.py::test_a_value_containing_a_quote_survives_the_round_trip PASSED [ 31%]
tests/test_db.py::test_record_event_appends PASSED                       [ 32%]
tests/test_db.py::test_the_dump_is_written_with_lf_endings_on_every_platform PASSED [ 33%]
tests/test_db.py::test_a_connection_bootstrapped_from_the_dump_still_enforces_foreign_keys PASSED [ 33%]
tests/test_db.py::test_a_carriage_return_in_a_value_is_normalised_out_of_the_dump PASSED [ 34%]
tests/test_db.py::test_connect_reloads_from_a_dump_that_is_newer_than_the_local_database PASSED [ 35%]
tests/test_deps.py::test_route_to_glob_ignores_route_groups PASSED       [ 35%]
tests/test_deps.py::test_route_to_glob_handles_a_dynamic_segment PASSED  [ 36%]
tests/test_deps.py::test_a_dynamic_glob_matches_a_real_nextjs_directory PASSED [ 37%]
tests/test_deps.py::test_endpoint_to_glob PASSED                         [ 37%]
tests/test_deps.py::test_an_endpoint_glob_matches_a_route_handler_directly_beneath_it PASSED [ 38%]
tests/test_deps.py::test_derived_globs_come_from_the_specs_own_triples PASSED [ 39%]
tests/test_deps.py::test_manual_globs_are_added_to_derived_ones PASSED   [ 39%]
tests/test_deps.py::test_matches_uses_full_glob_semantics PASSED         [ 40%]
tests/test_deps.py::test_check_demotes_a_spec_whose_dependency_changed PASSED [ 41%]
tests/test_deps.py::test_check_ignores_an_unrelated_change PASSED        [ 41%]
tests/test_deps.py::test_check_only_looks_at_verified_specs PASSED       [ 42%]
tests/test_deps.py::test_check_demotes_a_spec_whose_dependency_was_renamed PASSED [ 43%]
tests/test_deps.py::test_check_accepts_a_code_repo_override PASSED       [ 43%]
tests/test_deps.py::test_uncheckable_lists_a_verified_spec_with_no_dependencies PASSED [ 44%]
tests/test_deps.py::test_uncheckable_excludes_a_spec_once_it_has_a_manual_glob PASSED [ 45%]
tests/test_extraction.py::test_split_page_separates_prose_from_turtle PASSED [ 45%]
tests/test_extraction.py::test_extraction_produces_a_graph_isomorphic_to_the_wiki SKIPPED [ 46%]
tests/test_extraction.py::test_every_spec_gets_id_frontmatter SKIPPED    [ 47%]
tests/test_extraction.py::test_the_ontology_is_not_a_spec SKIPPED (t...) [ 47%]
tests/test_gitcmd.py::test_clean_env_drops_the_variables_that_bind_git_to_a_repository PASSED [ 48%]
tests/test_gitcmd.py::test_clean_env_keeps_what_describes_the_installation_not_the_repository PASSED [ 49%]
tests/test_gitcmd.py::test_init_creates_the_repository_the_path_names_under_an_ambient_git_dir PASSED [ 49%]
tests/test_gitcmd.py::test_a_commit_lands_in_the_named_repository_under_an_ambient_git_dir PASSED [ 50%]
tests/test_graph.py::test_the_graph_parses_and_holds_both_specs PASSED   [ 50%]
tests/test_graph.py::test_load_graph_can_be_limited_to_some_specs PASSED [ 51%]
tests/test_graph.py::test_spec_ids_are_sorted_folder_names PASSED        [ 52%]
tests/test_graph.py::test_dangling_terms_finds_a_referenced_but_undeclared_node PASSED [ 52%]
tests/test_graph.py::test_dangling_terms_is_empty_for_a_complete_graph PASSED [ 53%]
tests/test_graph.py::test_wiki_page_name_round_trips_every_shape PASSED  [ 54%]
tests/test_graph.py::test_broken_links_reports_a_link_to_a_page_that_does_not_exist PASSED [ 54%]
tests/test_graph.py::test_broken_links_accepts_a_section_anchor_and_the_ontology_page PASSED [ 55%]
tests/test_graph.py::test_the_serialised_graph_carries_the_mon_and_app_prefixes PASSED [ 56%]
tests/test_lifecycle.py::test_verify_refuses_an_unmodeled_spec PASSED    [ 56%]
tests/test_lifecycle.py::test_verify_refuses_while_a_question_is_open PASSED [ 57%]
tests/test_lifecycle.py::test_verify_succeeds_once_the_question_is_answered PASSED [ 58%]
tests/test_lifecycle.py::test_verify_can_prune_a_question_deliberately PASSED [ 58%]
tests/test_lifecycle.py::test_demote_returns_a_verified_spec_to_draft PASSED [ 59%]
tests/test_lifecycle.py::test_reverify_after_demotion_clears_the_demotion PASSED [ 60%]
tests/test_lifecycle.py::test_new_spec_scaffolds_a_folder_with_frontmatter PASSED [ 60%]
tests/test_lifecycle.py::test_new_spec_refuses_to_overwrite PASSED       [ 61%]
tests/test_lifecycle.py::test_new_spec_writes_lf_line_endings_on_every_platform PASSED [ 62%]
tests/test_lifecycle.py::test_model_raises_on_an_unknown_id PASSED       [ 62%]
tests/test_lifecycle.py::test_model_follows_a_renamed_folder_by_the_path_column PASSED [ 63%]
tests/test_lifecycle.py::test_forget_removes_the_row_but_keeps_the_event_history PASSED [ 64%]
tests/test_lifecycle.py::test_forget_cascades_dependencies_resources_and_questions PASSED [ 64%]
tests/test_lifecycle.py::test_forget_refuses_when_the_folder_still_exists PASSED [ 65%]
tests/test_lifecycle.py::test_forget_refuses_an_unknown_id PASSED        [ 66%]
tests/test_lifecycle.py::test_forget_refuses_after_a_rename_naming_the_renamed_folder PASSED [ 66%]
tests/test_lifecycle.py::test_verify_refuses_content_edited_after_it_was_modeled PASSED [ 67%]
tests/test_lifecycle.py::test_verify_reports_a_never_recorded_audit_hash_accurately PASSED [ 68%]
tests/test_lifecycle.py::test_model_freezes_the_audited_hash_separately_from_the_live_one PASSED [ 68%]
tests/test_lint.py::test_invented_predicates_finds_an_undeclared_mon_property PASSED [ 69%]
tests/test_lint.py::test_invented_predicates_is_empty_for_a_clean_graph PASSED [ 70%]
tests/test_lint.py::test_invented_types_finds_an_undeclared_mon_class PASSED [ 70%]
tests/test_lint.py::test_restated_rule_comments_flags_a_comment_that_repeats_the_label PASSED [ 71%]
tests/test_lint.py::test_restated_rule_comments_accepts_a_comment_that_explains_why PASSED [ 72%]
tests/test_lint.py::test_restated_rule_comments_flags_a_missing_comment PASSED [ 72%]
tests/test_lint.py::test_naming_violations_accepts_the_documented_field_pattern PASSED [ 73%]
tests/test_lint.py::test_naming_violations_flags_a_field_missing_its_owner_prefix PASSED [ 74%]
tests/test_lint.py::test_naming_violations_flags_an_underscore_outside_a_field PASSED [ 74%]
tests/test_lint.py::test_locally_redeclared_concepts_flags_a_concept_declared_outside_its_home_spec PASSED [ 75%]
tests/test_lint.py::test_locally_redeclared_concepts_is_empty_when_concepts_lives_only_on_its_own_page PASSED [ 76%]
tests/test_lint.py::test_domain_range_violations_flags_a_field_carrying_an_interface_element_predicate PASSED [ 76%]
tests/test_lint.py::test_domain_range_violations_flags_an_object_of_the_wrong_type PASSED [ 77%]
tests/test_lint.py::test_domain_range_violations_accepts_conformant_individuals_across_the_subclass_closure PASSED [ 78%]
tests/test_lint.py::test_domain_range_violations_ignores_a_literal_range PASSED [ 78%]
tests/test_lint.py::test_ungrounded_empty_states_flags_a_string_no_sentence_states PASSED [ 79%]
tests/test_lint.py::test_ungrounded_empty_states_accepts_a_string_the_prose_states PASSED [ 80%]
tests/test_lint.py::test_ungrounded_empty_states_accepts_a_string_the_prose_hard_wraps PASSED [ 80%]
tests/test_paths.py::test_find_root_walks_up_from_a_nested_directory PASSED [ 81%]
tests/test_paths.py::test_find_root_raises_when_there_is_no_marker PASSED [ 82%]
tests/test_paths.py::test_paths_are_derived_from_the_root PASSED         [ 82%]
tests/test_paths.py::test_config_resolves_the_code_repo_relative_to_the_root PASSED [ 83%]
tests/test_publish.py::test_strip_frontmatter_removes_only_the_leading_block PASSED [ 84%]
tests/test_publish.py::test_render_page_has_no_frontmatter_and_no_turtle PASSED [ 84%]
tests/test_publish.py::test_write_pages_names_files_by_wiki_page PASSED  [ 85%]
tests/test_publish.py::test_write_pages_skips_a_spec_that_does_not_publish PASSED [ 86%]
tests/test_publish.py::test_the_sidebar_is_generated_and_lists_published_pages PASSED [ 86%]
tests/test_publish.py::test_the_sidebar_labels_home_as_home_not_its_page_title PASSED [ 87%]
tests/test_publish.py::test_the_reference_section_files_architecture_after_ontology PASSED [ 88%]
tests/test_publish.py::test_write_pages_writes_lf_line_endings_on_every_platform PASSED [ 88%]
tests/test_publish.py::test_the_ontology_page_comes_from_its_readme PASSED [ 89%]
tests/test_round_trip.py::test_a_spec_can_be_scaffolded_modeled_and_verified PASSED [ 90%]
tests/test_scan.py::test_scan_adds_a_row_per_spec_folder PASSED          [ 90%]
tests/test_scan.py::test_scan_is_idempotent PASSED                       [ 91%]
tests/test_scan.py::test_scan_follows_a_renamed_folder_by_its_id PASSED  [ 92%]
tests/test_scan.py::test_a_rename_preserves_the_ttl_hash_and_the_resources PASSED [ 92%]
tests/test_scan.py::test_a_hand_set_note_on_a_resource_survives_a_rescan PASSED [ 93%]
tests/test_scan.py::test_scan_reports_a_row_whose_files_are_gone PASSED  [ 94%]
tests/test_scan.py::test_scan_records_hashes_and_notices_a_prose_edit PASSED [ 94%]
tests/test_scan.py::test_scan_enumerates_resources PASSED                [ 95%]
tests/test_scan.py::test_title_comes_from_the_first_heading PASSED       [ 96%]
tests/test_scan.py::test_scan_returns_an_empty_report_when_there_are_no_specs PASSED [ 96%]
tests/test_scan.py::test_a_scan_that_changes_nothing_does_not_touch_the_dump PASSED [ 97%]
tests/test_scan.py::test_a_real_edit_still_updates_the_row PASSED        [ 98%]
tests/test_scan.py::test_scan_demotes_a_verified_spec_whose_content_drifted_past_its_audit PASSED [ 98%]
tests/test_scan.py::test_scan_does_not_demote_a_verified_spec_that_was_never_modeled PASSED [ 99%]
tests/test_scan.py::test_scan_leaves_a_verified_spec_alone_when_content_is_unchanged PASSED [100%]

======================= 148 passed, 3 skipped in 8.25s ========================
